CustomerID  FirstName                                          LastName                                           ShippingAddress                                                                                                                                  BillingAddress                                                                                                                                   CardType             CarNo
----------- -------------------------------------------------- -------------------------------------------------- ------------------------------------------------------------------------------------------------------------------------------------------------ ------------------------------------------------------------------------------------------------------------------------------------------------ -------------------- -------------------
1           Lina                                               Breunlin                                           3383 West Dyett Street Apt 420 Mesa, AZ 85201                                                                                                    3383 West Dyett Street Apt 420 Mesa, AZ 85201                                                                                                    Visa                 XXXX-XXXX-XXXX-1234
2           Walt                                               Harnden                                            123 Scottsdale Rd Scottsdale, AZ 85054                                                                                                           123 Scottsdale Rd Scottsdale, AZ 85054                                                                                                           Visa                 XXXX-XXXX-XXXX-4321
3           Elyse                                              Rangel                                             3420 W. Glenn Drive Phoenix, AZ 85051                                                                                                            3420 W. Glenn Drive Phoenix, AZ 85051                                                                                                            Discover             XXXX-XXXX-XXXX-9999
4           Christopher                                        Britt                                              1212 Chicken Dinner Road Glendale, AZ 85304                                                                                                      1212 Chicken Dinner Road Glendale, AZ 85304                                                                                                      MasterCard           XXXX-XXXX-XXXX-1472
5           Michael                                            Piatt                                              16406 N 61st Pl Scottsdale, AZ 85254                                                                                                             16406 N 61st Pl Scottsdale, AZ 85254                                                                                                             Visa                 XXXX-XXXX-XXXX-9638
6           Antonio                                            Rayas                                              4633 N 7th Street Phoenix, AZ 85014                                                                                                              4633 N 7th Street Phoenix, AZ 85014                                                                                                              AmericanExpress      XXXX-XXXX-XXXX-4561
7           Robert                                             Belcher                                            191 W Shannon Street Gilbert, AZ 85233                                                                                                           191 W Shannon Street Gilbert, AZ 85233                                                                                                           Discover             XXXX-XXXX-XXXX-7537
8           Bernardo                                           Magana                                             5250 W Indian School Rd Phoenix, AZ 85031                                                                                                        5250 W Indian School Rd Phoenix, AZ 85031                                                                                                        MasterCard           XXXX-XXXX-XXXX-9519
9           Jule                                               Andreski                                           3421 N 71st Ave Phoenix, AZ 85001                                                                                                                3421 N 71st Ave Phoenix, AZ 85001                                                                                                                Visa                 XXXX-XXXX-XXXX-0123
10          Adrian                                             Patino                                             4200 W Big Oof Drive Apt 6996 Phoenix, AZ 85035                                                                                                  4200 W Big Oof Drive Apt 6996 Phoenix, AZ 85035                                                                                                  AmericanExpress      XXXX-XXXX-XXXX-9785
11          Victor                                             Watson                                             3050 E Thunderbird Rd Phoenix, AZ 85032                                                                                                          3050 E Thunderbird Rd Phx, AZ 85032                                                                                                              Visa                 XXXX-XXXX-XXXX-0222
12          Charina                                            Sabal                                              1123 E Cherokee Phoenix, AZ 85032                                                                                                                1123 E Cherokee Phx, AZ 85032                                                                                                                    Visa                 XXXX-XXXX-XXXX-7411
13          Soran                                              Franci                                             3322 E Bell Rd Phoenix, AZ 85022                                                                                                                 3322 E Bell RD Phoenix, AZ 85022                                                                                                                 MasterCard           XXXX-XXXX-XXXX-5566
14          David                                              Zhong                                              123 Fake St Phoenix, AZ 85025                                                                                                                    123 Fake St Phoenix, AZ 85025                                                                                                                    Visa                 XXXX-XXXX-XXXX-4400
15          John                                               Casey                                              456 Anywhere St Phoenix, AZ 85025                                                                                                                456 Anywhere St Phoenix, AZ 85025                                                                                                                AmericanExpress      XXXX-XXXX-XXXX-5000
16          Josh                                               Theartistformerlyknownas                           18401 North 32nd Street Phoenix, AZ 85032                                                                                                        18401 North 32nd Street Phoenix, AZ 85032                                                                                                        Discover             XXXX-XXXX-XXXX-0633

(16 rows affected)


Completion time: 2019-11-28T16:10:10.6485208-07:00
