InvoiceID   CustomerID  CustomerName                                                                                          ShippingAddress                                                                                                                                  BillingAddress                                                                                                                                   InvoiceAmount                                                                                                                                                                                                                                                    PaymentMethod                       OrderDate                      BillingDate                    ShippingDate                   PaymentDate                    InvoiceDueDate
----------- ----------- ----------------------------------------------------------------------------------------------------- ------------------------------------------------------------------------------------------------------------------------------------------------ ------------------------------------------------------------------------------------------------------------------------------------------------ ---------------------------------------------------------------------------------------------------------------------------------------------------------------------------------------------------------------------------------------------------------------- ----------------------------------- ------------------------------ ------------------------------ ------------------------------ ------------------------------ ------------------------------
1           1           Lina Breunlin                                                                                         3383 West Dyett Street Apt 420 Mesa, AZ 85201                                                                                                    3383 West Dyett Street Apt 420 Mesa, AZ 85201                                                                                                    $437.40                                                                                                                                                                                                                                                          Visa ending in 1234                 Jun 21, 2019                   Jun 28, 2019                   Jun 26, 2019                   NULL                           Jun 30, 2019
2           2           Walt Harnden                                                                                          123 Scottsdale Rd Scottsdale, AZ 85054                                                                                                           123 Scottsdale Rd Scottsdale, AZ 85054                                                                                                           $519.48                                                                                                                                                                                                                                                          Visa ending in 4321                 Jun 26, 2019                   Jul 01, 2019                   Jun 30, 2019                   Jul 01, 2019                   Jul 03, 2019
3           3           Elyse Rangel                                                                                          3420 W. Glenn Drive Phoenix, AZ 85051                                                                                                            3420 W. Glenn Drive Phoenix, AZ 85051                                                                                                            $268.92                                                                                                                                                                                                                                                          Discover ending in 9999             Jun 25, 2019                   Jun 30, 2019                   Jun 29, 2019                   Jun 30, 2019                   Jul 02, 2019
4           4           Christopher Britt                                                                                     1212 Chicken Dinner Road Glendale, AZ 85304                                                                                                      1212 Chicken Dinner Road Glendale, AZ 85304                                                                                                      $1,274.40                                                                                                                                                                                                                                                        MasterCard ending in 1472           Jun 24, 2019                   Jun 29, 2019                   Jun 28, 2019                   NULL                           Jul 01, 2019
5           5           Michael Piatt                                                                                         16406 N 61st Pl Scottsdale, AZ 85254                                                                                                             16406 N 61st Pl Scottsdale, AZ 85254                                                                                                             $540.00                                                                                                                                                                                                                                                          Visa ending in 9638                 Jun 23, 2019                   Jun 28, 2019                   Jun 27, 2019                   Jun 28, 2019                   Jun 30, 2019
6           6           Antonio Rayas                                                                                         4633 N 7th Street Phoenix, AZ 85014                                                                                                              4633 N 7th Street Phoenix, AZ 85014                                                                                                              $550.80                                                                                                                                                                                                                                                          AmericanExpress ending in 4561      Jun 21, 2019                   Jun 27, 2019                   Jun 26, 2019                   Jun 27, 2019                   Jun 29, 2019
7           7           Robert Belcher                                                                                        191 W Shannon Street Gilbert, AZ 85233                                                                                                           191 W Shannon Street Gilbert, AZ 85233                                                                                                           $670.68                                                                                                                                                                                                                                                          Discover ending in 7537             Jun 26, 2019                   Jul 01, 2019                   Jun 30, 2019                   Jul 01, 2019                   Jul 03, 2019
8           8           Bernardo Magana                                                                                       5250 W Indian School Rd Phoenix, AZ 85031                                                                                                        5250 W Indian School Rd Phoenix, AZ 85031                                                                                                        $38.88                                                                                                                                                                                                                                                           MasterCard ending in 9519           Jun 15, 2019                   Jun 20, 2019                   Jun 19, 2019                   NULL                           Jun 22, 2019
9           9           Jule Andreski                                                                                         3421 N 71st Ave Phoenix, AZ 85001                                                                                                                3421 N 71st Ave Phoenix, AZ 85001                                                                                                                $257.04                                                                                                                                                                                                                                                          Visa ending in 0123                 Jun 14, 2019                   Jun 19, 2019                   Jun 18, 2019                   NULL                           Jun 21, 2019
10          10          Adrian Patino                                                                                         4200 W Big Oof Drive Apt 6996 Phoenix, AZ 85035                                                                                                  4200 W Big Oof Drive Apt 6996 Phoenix, AZ 85035                                                                                                  $149.04                                                                                                                                                                                                                                                          AmericanExpress ending in 9785      Jun 19, 2019                   Jun 24, 2019                   Jun 23, 2019                   NULL                           Jun 26, 2019
11          11          Victor Watson                                                                                         3050 E Thunderbird Rd Phoenix, AZ 85032                                                                                                          3050 E Thunderbird Rd Phx, AZ 85032                                                                                                              $120.96                                                                                                                                                                                                                                                          Visa ending in 0222                 Jun 21, 2019                   Jun 26, 2019                   Jun 25, 2019                   Jun 26, 2019                   Jun 28, 2019
12          12          Charina Sabal                                                                                         1123 E Cherokee Phoenix, AZ 85032                                                                                                                1123 E Cherokee Phx, AZ 85032                                                                                                                    $353.16                                                                                                                                                                                                                                                          Visa ending in 7411                 Jun 20, 2019                   Jun 29, 2019                   Jun 28, 2019                   Jun 29, 2019                   Jul 01, 2019
13          13          Soran Franci                                                                                          3322 E Bell Rd Phoenix, AZ 85022                                                                                                                 3322 E Bell RD Phoenix, AZ 85022                                                                                                                 $618.84                                                                                                                                                                                                                                                          MasterCard ending in 5566           Jun 13, 2019                   Jun 22, 2019                   Jun 21, 2019                   Jun 22, 2019                   Jun 24, 2019
14          14          David Zhong                                                                                           123 Fake St Phoenix, AZ 85025                                                                                                                    123 Fake St Phoenix, AZ 85025                                                                                                                    $41.04                                                                                                                                                                                                                                                           Visa ending in 4400                 Jun 12, 2019                   Jun 21, 2019                   Jun 21, 2019                   NULL                           Jun 23, 2019
15          15          John Casey                                                                                            456 Anywhere St Phoenix, AZ 85025                                                                                                                456 Anywhere St Phoenix, AZ 85025                                                                                                                $194.40                                                                                                                                                                                                                                                          AmericanExpress ending in 5000      Jun 15, 2019                   Jun 24, 2019                   Jun 24, 2019                   Jun 22, 2019                   Jun 26, 2019
16          16          Josh Theartistformerlyknownas                                                                         18401 North 32nd Street Phoenix, AZ 85032                                                                                                        18401 North 32nd Street Phoenix, AZ 85032                                                                                                        $1,101.60                                                                                                                                                                                                                                                        Discover ending in 0633             Jun 19, 2019                   Jun 28, 2019                   Jun 28, 2019                   Jun 25, 2019                   Jun 30, 2019

(16 rows affected)


Completion time: 2019-11-28T15:57:06.2878535-07:00
