VehicleID   Vehicle                                            PartName                                           Price                           PartDescription
----------- -------------------------------------------------- -------------------------------------------------- ------------------------------- ---------------------------------------------------------------------------------------------------------------------------------------------------------------------------------------------------------------------------------------------------------------
1           2017 Ford F150 4 *4 Pickup                         Interstate Battery                                 $100.00                         12 volt battery from Interstate
1           2017 Ford F150 4 *4 Pickup                         Delco Battery                                      $112.00                         12 volt battery from Delco
1           2017 Ford F150 4 *4 Pickup                         Brake Caliper                                      $60.00                          Creates friction with rotors. Squeeze brake pads against against surface of break rotor
1           2017 Ford F150 4 *4 Pickup                         Oil Filter                                         $69.00                          Removes contaminants from vehicles engine oil, transmission oil, lubricating oil, and or hydraulic oil
2           2018 Ford F150 4 *4 Pickup                         Interstate Battery                                 $100.00                         12 volt battery from Interstate
2           2018 Ford F150 4 *4 Pickup                         Brake Caliper                                      $60.00                          Creates friction with rotors. Squeeze brake pads against against surface of break rotor
2           2018 Ford F150 4 *4 Pickup                         Brake Power Booster                                $62.00                          Enhanced master cylinder setup that reduces the amount of pedal pressure needed for braking
2           2018 Ford F150 4 *4 Pickup                         Front Wipers                                       $20.00                          Pivoting metal arm with ruber on one end that assists in removing rain, snow, ice and debris from the front window
2           2018 Ford F150 4 *4 Pickup                         Transmission Filter                                $320.00                         Prevents dirt and debris from getting into the gears and other parts of the transmission system
3           2019 Ford F150 4 *4 Pickup                         Interstate Battery                                 $100.00                         12 volt battery from Interstate
3           2019 Ford F150 4 *4 Pickup                         Delco Battery                                      $112.00                         12 volt battery from Delco
3           2019 Ford F150 4 *4 Pickup                         Brake Master Cylinder                              $55.00                          A control device that converts force into hydraulic pressure
4           2017 Ford Explorer SUV                             Duralast Battery                                   $115.00                         13 volt battery from Duralast
4           2017 Ford Explorer SUV                             Brake Lines                                        $25.00                          Turns pedal pressure into stopping power. Fluid transfers the pressure applied by the drivers foot to the brake
4           2017 Ford Explorer SUV                             Front Wipers                                       $20.00                          Pivoting metal arm with ruber on one end that assists in removing rain, snow, ice and debris from the front window
4           2017 Ford Explorer SUV                             Cabin Filter                                       $73.00                          Filters all of the air that coming through the  HVAC system to prevent contaminents, such as dust, pollen, smog and mold spores from being taken in
4           2017 Ford Explorer SUV                             Transmission Filter                                $320.00                         Prevents dirt and debris from getting into the gears and other parts of the transmission system
5           2018 Ford Explorer SUV                             Duralast Battery                                   $115.00                         13 volt battery from Duralast
5           2018 Ford Explorer SUV                             Brake Pads                                         $30.00                          Steel backed plates with friction material bound to the surface that faces the disc brake rotor
5           2018 Ford Explorer SUV                             Brake Lines                                        $25.00                          Turns pedal pressure into stopping power. Fluid transfers the pressure applied by the drivers foot to the brake
5           2018 Ford Explorer SUV                             Front Wipers                                       $20.00                          Pivoting metal arm with ruber on one end that assists in removing rain, snow, ice and debris from the front window
6           2019 Ford Explorer SUV                             Interstate Battery                                 $100.00                         12 volt battery from Interstate
6           2019 Ford Explorer SUV                             Brake Pads                                         $30.00                          Steel backed plates with friction material bound to the surface that faces the disc brake rotor
7           2017 Ford Fusion Sedan                             Interstate Battery                                 $100.00                         12 volt battery from Interstate
7           2017 Ford Fusion Sedan                             Brake Rotor                                        $65.00                          Brake disc, stopps wheels from spinning
7           2017 Ford Fusion Sedan                             Oil Filter                                         $69.00                          Removes contaminants from vehicles engine oil, transmission oil, lubricating oil, and or hydraulic oil
7           2017 Ford Fusion Sedan                             Air Filter                                         $55.00                          Prevents air-borne contaminents and debris from getting taken into the engine
8           2018 Ford Fusion Sedan                             Interstate Battery                                 $100.00                         12 volt battery from Interstate
8           2018 Ford Fusion Sedan                             Delco Battery                                      $112.00                         12 volt battery from Delco
8           2018 Ford Fusion Sedan                             Brake Power Booster                                $62.00                          Enhanced master cylinder setup that reduces the amount of pedal pressure needed for braking
8           2018 Ford Fusion Sedan                             Rear Wipers                                        $18.00                          Pivoting metal arm with ruber on one end that assists in removing rain, snow, ice and debris from the rear window
8           2018 Ford Fusion Sedan                             Air Filter                                         $55.00                          Prevents air-borne contaminents and debris from getting taken into the engine
8           2018 Ford Fusion Sedan                             Transmission Filter                                $320.00                         Prevents dirt and debris from getting into the gears and other parts of the transmission system
9           2019 Ford Fusion Sedan                             Duralast Battery                                   $115.00                         13 volt battery from Duralast
9           2019 Ford Fusion Sedan                             Brake Rotor                                        $65.00                          Brake disc, stopps wheels from spinning
9           2019 Ford Fusion Sedan                             Brake Caliper                                      $60.00                          Creates friction with rotors. Squeeze brake pads against against surface of break rotor
9           2019 Ford Fusion Sedan                             Brake Master Cylinder                              $55.00                          A control device that converts force into hydraulic pressure
9           2019 Ford Fusion Sedan                             Rear Wipers                                        $18.00                          Pivoting metal arm with ruber on one end that assists in removing rain, snow, ice and debris from the rear window
9           2019 Ford Fusion Sedan                             Cabin Filter                                       $73.00                          Filters all of the air that coming through the  HVAC system to prevent contaminents, such as dust, pollen, smog and mold spores from being taken in
10          2017 Chevrolet Silverado Pickup                    Duralast Battery                                   $115.00                         13 volt battery from Duralast
10          2017 Chevrolet Silverado Pickup                    Brake Rotor                                        $65.00                          Brake disc, stopps wheels from spinning
10          2017 Chevrolet Silverado Pickup                    Brake Pads                                         $30.00                          Steel backed plates with friction material bound to the surface that faces the disc brake rotor
10          2017 Chevrolet Silverado Pickup                    Brake Power Booster                                $62.00                          Enhanced master cylinder setup that reduces the amount of pedal pressure needed for braking
10          2017 Chevrolet Silverado Pickup                    Front Wipers                                       $20.00                          Pivoting metal arm with ruber on one end that assists in removing rain, snow, ice and debris from the front window
10          2017 Chevrolet Silverado Pickup                    Oil Filter                                         $69.00                          Removes contaminants from vehicles engine oil, transmission oil, lubricating oil, and or hydraulic oil
10          2017 Chevrolet Silverado Pickup                    Air Filter                                         $55.00                          Prevents air-borne contaminents and debris from getting taken into the engine
10          2017 Chevrolet Silverado Pickup                    Transmission Filter                                $320.00                         Prevents dirt and debris from getting into the gears and other parts of the transmission system
11          2018 Chevrolet Silverado Pickup                    Interstate Battery                                 $100.00                         12 volt battery from Interstate
11          2018 Chevrolet Silverado Pickup                    Delco Battery                                      $112.00                         12 volt battery from Delco
11          2018 Chevrolet Silverado Pickup                    Brake Caliper                                      $60.00                          Creates friction with rotors. Squeeze brake pads against against surface of break rotor
11          2018 Chevrolet Silverado Pickup                    Oil Filter                                         $69.00                          Removes contaminants from vehicles engine oil, transmission oil, lubricating oil, and or hydraulic oil
12          2019 Chevrolet Silverado Pickup                    Interstate Battery                                 $100.00                         12 volt battery from Interstate
12          2019 Chevrolet Silverado Pickup                    Brake Caliper                                      $60.00                          Creates friction with rotors. Squeeze brake pads against against surface of break rotor
12          2019 Chevrolet Silverado Pickup                    Brake Power Booster                                $62.00                          Enhanced master cylinder setup that reduces the amount of pedal pressure needed for braking
12          2019 Chevrolet Silverado Pickup                    Front Wipers                                       $20.00                          Pivoting metal arm with ruber on one end that assists in removing rain, snow, ice and debris from the front window
12          2019 Chevrolet Silverado Pickup                    Transmission Filter                                $320.00                         Prevents dirt and debris from getting into the gears and other parts of the transmission system
13          2017 Chevrolet Tahoe SUV                           Interstate Battery                                 $100.00                         12 volt battery from Interstate
13          2017 Chevrolet Tahoe SUV                           Delco Battery                                      $112.00                         12 volt battery from Delco
13          2017 Chevrolet Tahoe SUV                           Brake Master Cylinder                              $55.00                          A control device that converts force into hydraulic pressure
14          2018 Chevrolet Tahoe SUV                           Duralast Battery                                   $115.00                         13 volt battery from Duralast
14          2018 Chevrolet Tahoe SUV                           Brake Lines                                        $25.00                          Turns pedal pressure into stopping power. Fluid transfers the pressure applied by the drivers foot to the brake
14          2018 Chevrolet Tahoe SUV                           Front Wipers                                       $20.00                          Pivoting metal arm with ruber on one end that assists in removing rain, snow, ice and debris from the front window
14          2018 Chevrolet Tahoe SUV                           Cabin Filter                                       $73.00                          Filters all of the air that coming through the  HVAC system to prevent contaminents, such as dust, pollen, smog and mold spores from being taken in
14          2018 Chevrolet Tahoe SUV                           Transmission Filter                                $320.00                         Prevents dirt and debris from getting into the gears and other parts of the transmission system
15          2019 Chevrolet Tahoe SUV                           Duralast Battery                                   $115.00                         13 volt battery from Duralast
15          2019 Chevrolet Tahoe SUV                           Brake Pads                                         $30.00                          Steel backed plates with friction material bound to the surface that faces the disc brake rotor
15          2019 Chevrolet Tahoe SUV                           Brake Lines                                        $25.00                          Turns pedal pressure into stopping power. Fluid transfers the pressure applied by the drivers foot to the brake
15          2019 Chevrolet Tahoe SUV                           Front Wipers                                       $20.00                          Pivoting metal arm with ruber on one end that assists in removing rain, snow, ice and debris from the front window
16          2017 Chevrolet Malibu Sedan                        Interstate Battery                                 $100.00                         12 volt battery from Interstate
16          2017 Chevrolet Malibu Sedan                        Brake Pads                                         $30.00                          Steel backed plates with friction material bound to the surface that faces the disc brake rotor
17          2018 Chevrolet Malibu Sedan                        Interstate Battery                                 $100.00                         12 volt battery from Interstate
17          2018 Chevrolet Malibu Sedan                        Brake Rotor                                        $65.00                          Brake disc, stopps wheels from spinning
17          2018 Chevrolet Malibu Sedan                        Oil Filter                                         $69.00                          Removes contaminants from vehicles engine oil, transmission oil, lubricating oil, and or hydraulic oil
17          2018 Chevrolet Malibu Sedan                        Air Filter                                         $55.00                          Prevents air-borne contaminents and debris from getting taken into the engine
18          2019 Chevrolet Malibu Sedan                        Interstate Battery                                 $100.00                         12 volt battery from Interstate
18          2019 Chevrolet Malibu Sedan                        Delco Battery                                      $112.00                         12 volt battery from Delco
18          2019 Chevrolet Malibu Sedan                        Brake Power Booster                                $62.00                          Enhanced master cylinder setup that reduces the amount of pedal pressure needed for braking
18          2019 Chevrolet Malibu Sedan                        Rear Wipers                                        $18.00                          Pivoting metal arm with ruber on one end that assists in removing rain, snow, ice and debris from the rear window
18          2019 Chevrolet Malibu Sedan                        Air Filter                                         $55.00                          Prevents air-borne contaminents and debris from getting taken into the engine
18          2019 Chevrolet Malibu Sedan                        Transmission Filter                                $320.00                         Prevents dirt and debris from getting into the gears and other parts of the transmission system
19          2017 Dodge RAM 1500 Pickup                         Duralast Battery                                   $115.00                         13 volt battery from Duralast
19          2017 Dodge RAM 1500 Pickup                         Brake Rotor                                        $65.00                          Brake disc, stopps wheels from spinning
19          2017 Dodge RAM 1500 Pickup                         Brake Caliper                                      $60.00                          Creates friction with rotors. Squeeze brake pads against against surface of break rotor
19          2017 Dodge RAM 1500 Pickup                         Brake Master Cylinder                              $55.00                          A control device that converts force into hydraulic pressure
19          2017 Dodge RAM 1500 Pickup                         Rear Wipers                                        $18.00                          Pivoting metal arm with ruber on one end that assists in removing rain, snow, ice and debris from the rear window
19          2017 Dodge RAM 1500 Pickup                         Cabin Filter                                       $73.00                          Filters all of the air that coming through the  HVAC system to prevent contaminents, such as dust, pollen, smog and mold spores from being taken in
20          2018 Dodge RAM 1500 Pickup                         Duralast Battery                                   $115.00                         13 volt battery from Duralast
20          2018 Dodge RAM 1500 Pickup                         Brake Rotor                                        $65.00                          Brake disc, stopps wheels from spinning
20          2018 Dodge RAM 1500 Pickup                         Brake Pads                                         $30.00                          Steel backed plates with friction material bound to the surface that faces the disc brake rotor
20          2018 Dodge RAM 1500 Pickup                         Brake Power Booster                                $62.00                          Enhanced master cylinder setup that reduces the amount of pedal pressure needed for braking
20          2018 Dodge RAM 1500 Pickup                         Front Wipers                                       $20.00                          Pivoting metal arm with ruber on one end that assists in removing rain, snow, ice and debris from the front window
20          2018 Dodge RAM 1500 Pickup                         Oil Filter                                         $69.00                          Removes contaminants from vehicles engine oil, transmission oil, lubricating oil, and or hydraulic oil
20          2018 Dodge RAM 1500 Pickup                         Air Filter                                         $55.00                          Prevents air-borne contaminents and debris from getting taken into the engine
20          2018 Dodge RAM 1500 Pickup                         Transmission Filter                                $320.00                         Prevents dirt and debris from getting into the gears and other parts of the transmission system
21          2019 Dodge RAM 1500 Pickup                         Interstate Battery                                 $100.00                         12 volt battery from Interstate
21          2019 Dodge RAM 1500 Pickup                         Delco Battery                                      $112.00                         12 volt battery from Delco
21          2019 Dodge RAM 1500 Pickup                         Brake Caliper                                      $60.00                          Creates friction with rotors. Squeeze brake pads against against surface of break rotor
21          2019 Dodge RAM 1500 Pickup                         Oil Filter                                         $69.00                          Removes contaminants from vehicles engine oil, transmission oil, lubricating oil, and or hydraulic oil
22          2017 Dodge Durango SUV                             Interstate Battery                                 $100.00                         12 volt battery from Interstate
22          2017 Dodge Durango SUV                             Brake Caliper                                      $60.00                          Creates friction with rotors. Squeeze brake pads against against surface of break rotor
22          2017 Dodge Durango SUV                             Brake Power Booster                                $62.00                          Enhanced master cylinder setup that reduces the amount of pedal pressure needed for braking
22          2017 Dodge Durango SUV                             Front Wipers                                       $20.00                          Pivoting metal arm with ruber on one end that assists in removing rain, snow, ice and debris from the front window
22          2017 Dodge Durango SUV                             Transmission Filter                                $320.00                         Prevents dirt and debris from getting into the gears and other parts of the transmission system
23          2018 Dodge Durango SUV                             Interstate Battery                                 $100.00                         12 volt battery from Interstate
23          2018 Dodge Durango SUV                             Delco Battery                                      $112.00                         12 volt battery from Delco
23          2018 Dodge Durango SUV                             Brake Master Cylinder                              $55.00                          A control device that converts force into hydraulic pressure
24          2019 Dodge Durango SUV                             Duralast Battery                                   $115.00                         13 volt battery from Duralast
24          2019 Dodge Durango SUV                             Brake Lines                                        $25.00                          Turns pedal pressure into stopping power. Fluid transfers the pressure applied by the drivers foot to the brake
24          2019 Dodge Durango SUV                             Front Wipers                                       $20.00                          Pivoting metal arm with ruber on one end that assists in removing rain, snow, ice and debris from the front window
24          2019 Dodge Durango SUV                             Cabin Filter                                       $73.00                          Filters all of the air that coming through the  HVAC system to prevent contaminents, such as dust, pollen, smog and mold spores from being taken in
24          2019 Dodge Durango SUV                             Transmission Filter                                $320.00                         Prevents dirt and debris from getting into the gears and other parts of the transmission system
25          2017 Dodge Charger Sedan                           Duralast Battery                                   $115.00                         13 volt battery from Duralast
25          2017 Dodge Charger Sedan                           Brake Pads                                         $30.00                          Steel backed plates with friction material bound to the surface that faces the disc brake rotor
25          2017 Dodge Charger Sedan                           Brake Lines                                        $25.00                          Turns pedal pressure into stopping power. Fluid transfers the pressure applied by the drivers foot to the brake
25          2017 Dodge Charger Sedan                           Front Wipers                                       $20.00                          Pivoting metal arm with ruber on one end that assists in removing rain, snow, ice and debris from the front window
26          2018 Dodge Charger Sedan                           Interstate Battery                                 $100.00                         12 volt battery from Interstate
26          2018 Dodge Charger Sedan                           Brake Pads                                         $30.00                          Steel backed plates with friction material bound to the surface that faces the disc brake rotor
27          2019 Dodge Charger Sedan                           Interstate Battery                                 $100.00                         12 volt battery from Interstate
27          2019 Dodge Charger Sedan                           Brake Rotor                                        $65.00                          Brake disc, stopps wheels from spinning
27          2019 Dodge Charger Sedan                           Oil Filter                                         $69.00                          Removes contaminants from vehicles engine oil, transmission oil, lubricating oil, and or hydraulic oil
27          2019 Dodge Charger Sedan                           Air Filter                                         $55.00                          Prevents air-borne contaminents and debris from getting taken into the engine

(121 rows affected)


Completion time: 2019-12-03T10:30:49.7819467-07:00
